// Jest Snapshot v1, https://goo.gl/fbAQLP

exports[`App renders the component 1`] = `
<div id="app" class="container">
  <navbar-stub></navbar-stub>
  <router-view-stub name="default"></router-view-stub>
</div>
`;
