// Jest Snapshot v1, https://goo.gl/fbAQLP

exports[`Modal EditCardHeader are inserted in a Modal component 1`] = `
<div class="modal-mask" name="modal">
  <div class="modal-wrapper">
    <div class="modal-container">
      <div class="modal-header">
        <div class="modal-card-header">
          <div class="modal-card-header-title"><input readonly="readonly" type="text" class="form-control"></div> <a href="" class="modal-close-btn">Ã—</a>
        </div>
      </div>
      <div class="modal-body">
        <div>
          <h3>Description</h3> <textarea cols="30" rows="3" placeholder="Add a more detailed description..." readonly="readonly" class="form-control"></textarea>
        </div>
      </div>
      <div class="modal-footer">
        <div></div>
      </div>
    </div>
  </div>
</div>
`;
